package lgo_exec

import pkg0 "github.com/yunabe/lgo/core"
func lgo_init() {
	pkg0.LgoRegisterVar("f", &f)
	f = func(x, y int) int { return x + y }
	{
		ectx0 := pkg0.InitGoroutine()
		go func() {
			defer pkg0.FinalizeGoroutine(ectx0)
			func(x int) {
				{
					ectx := pkg0.InitGoroutine()
					go func() {
						defer pkg0.FinalizeGoroutine(ectx)
						f(x, 20)
					}()
				}
			}(10)
		}()
	}
}
var (
	f func(x int, y int) int
)
